_main/../rules_cc~~cc_configure_extension~local_config_cc/builtin_include_directory_paths
_main/../rules_cc~~cc_configure_extension~local_config_cc/cc_wrapper.sh
_main/../rules_cc~~cc_configure_extension~local_config_cc/deps_scanner_wrapper.sh
_main/../rules_cc~~cc_configure_extension~local_config_cc/validate_static_library.sh
_main/../bazel_tools/tools/def_parser/no_op.bat
_main/bazel/utils/testdata/remote/quote00.txt
_main/bazel/utils/quote01.txt
_main/tools/codegen/tests/gen-test.actual
_main/../googletest~/libgtest.a
_main/../googletest~/libgtest.so
_main/bazel/utils/testdata/remote/hello-world.cc