_main/../rules_cc~~cc_configure_extension~local_config_cc/builtin_include_directory_paths
_main/../rules_cc~~cc_configure_extension~local_config_cc/cc_wrapper.sh
_main/../rules_cc~~cc_configure_extension~local_config_cc/deps_scanner_wrapper.sh
_main/../rules_cc~~cc_configure_extension~local_config_cc/validate_static_library.sh
_main/../bazel_tools/tools/def_parser/no_op.bat
_main/bazel/utils/testdata/remote/quote00.txt
_main/bazel/utils/quote01.txt
_main/tools/codegen/tests/gen-test.actual
_main/../googletest~/libgtest.a
_main/../googletest~/libgtest.so
_main/tools/codegen/codegen
_main/tools/codegen/codegen.py
_main/../bazel_tools/tools/python/python_bootstrap_template.txt
_main/../bazel_tools/tools/test/collect_cc_coverage.sh
_main/../bazel_tools/src/tools/launcher/launcher_maker
_main/../bazel_tools/src/tools/launcher/launcher_maker.cc
_main/../bazel_tools/tools/zip/zipper/zipper
_main/tools/codegen/data_loader.py
_main/../rules_python~~pip~enkit_pip_deps_312_absl_py/site-packages/__init__.py
_main/../rules_python~~pip~enkit_pip_deps_312_absl_py/site-packages/absl/__init__.py
_main/../rules_python~~pip~enkit_pip_deps_312_absl_py/site-packages/absl/app.py
_main/../rules_python~~pip~enkit_pip_deps_312_absl_py/site-packages/absl/command_name.py
_main/../rules_python~~pip~enkit_pip_deps_312_absl_py/site-packages/absl/flags/__init__.py
_main/../rules_python~~pip~enkit_pip_deps_312_absl_py/site-packages/absl/flags/_argument_parser.py
_main/../rules_python~~pip~enkit_pip_deps_312_absl_py/site-packages/absl/flags/_defines.py
_main/../rules_python~~pip~enkit_pip_deps_312_absl_py/site-packages/absl/flags/_exceptions.py
_main/../rules_python~~pip~enkit_pip_deps_312_absl_py/site-packages/absl/flags/_flag.py
_main/../rules_python~~pip~enkit_pip_deps_312_absl_py/site-packages/absl/flags/_flagvalues.py
_main/../rules_python~~pip~enkit_pip_deps_312_absl_py/site-packages/absl/flags/_helpers.py
_main/../rules_python~~pip~enkit_pip_deps_312_absl_py/site-packages/absl/flags/_validators.py
_main/../rules_python~~pip~enkit_pip_deps_312_absl_py/site-packages/absl/flags/_validators_classes.py
_main/../rules_python~~pip~enkit_pip_deps_312_absl_py/site-packages/absl/flags/argparse_flags.py
_main/../rules_python~~pip~enkit_pip_deps_312_absl_py/site-packages/absl/logging/__init__.py
_main/../rules_python~~pip~enkit_pip_deps_312_absl_py/site-packages/absl/logging/converter.py
_main/../rules_python~~pip~enkit_pip_deps_312_absl_py/site-packages/absl/testing/__init__.py
_main/../rules_python~~pip~enkit_pip_deps_312_absl_py/site-packages/absl/testing/_bazelize_command.py
_main/../rules_python~~pip~enkit_pip_deps_312_absl_py/site-packages/absl/testing/_pretty_print_reporter.py
_main/../rules_python~~pip~enkit_pip_deps_312_absl_py/site-packages/absl/testing/absltest.py
_main/../rules_python~~pip~enkit_pip_deps_312_absl_py/site-packages/absl/testing/flagsaver.py
_main/../rules_python~~pip~enkit_pip_deps_312_absl_py/site-packages/absl/testing/parameterized.py
_main/../rules_python~~pip~enkit_pip_deps_312_absl_py/site-packages/absl/testing/xml_reporter.py
_main/../rules_python~~pip~enkit_pip_deps_312_jinja2/site-packages/__init__.py
_main/../rules_python~~pip~enkit_pip_deps_312_jinja2/site-packages/jinja2/__init__.py
_main/../rules_python~~pip~enkit_pip_deps_312_jinja2/site-packages/jinja2/_identifier.py
_main/../rules_python~~pip~enkit_pip_deps_312_jinja2/site-packages/jinja2/async_utils.py
_main/../rules_python~~pip~enkit_pip_deps_312_jinja2/site-packages/jinja2/bccache.py
_main/../rules_python~~pip~enkit_pip_deps_312_jinja2/site-packages/jinja2/compiler.py
_main/../rules_python~~pip~enkit_pip_deps_312_jinja2/site-packages/jinja2/constants.py
_main/../rules_python~~pip~enkit_pip_deps_312_jinja2/site-packages/jinja2/debug.py
_main/../rules_python~~pip~enkit_pip_deps_312_jinja2/site-packages/jinja2/defaults.py
_main/../rules_python~~pip~enkit_pip_deps_312_jinja2/site-packages/jinja2/environment.py
_main/../rules_python~~pip~enkit_pip_deps_312_jinja2/site-packages/jinja2/exceptions.py
_main/../rules_python~~pip~enkit_pip_deps_312_jinja2/site-packages/jinja2/ext.py
_main/../rules_python~~pip~enkit_pip_deps_312_jinja2/site-packages/jinja2/filters.py
_main/../rules_python~~pip~enkit_pip_deps_312_jinja2/site-packages/jinja2/idtracking.py
_main/../rules_python~~pip~enkit_pip_deps_312_jinja2/site-packages/jinja2/lexer.py
_main/../rules_python~~pip~enkit_pip_deps_312_jinja2/site-packages/jinja2/loaders.py
_main/../rules_python~~pip~enkit_pip_deps_312_jinja2/site-packages/jinja2/meta.py
_main/../rules_python~~pip~enkit_pip_deps_312_jinja2/site-packages/jinja2/nativetypes.py
_main/../rules_python~~pip~enkit_pip_deps_312_jinja2/site-packages/jinja2/nodes.py
_main/../rules_python~~pip~enkit_pip_deps_312_jinja2/site-packages/jinja2/optimizer.py
_main/../rules_python~~pip~enkit_pip_deps_312_jinja2/site-packages/jinja2/parser.py
_main/../rules_python~~pip~enkit_pip_deps_312_jinja2/site-packages/jinja2/runtime.py
_main/../rules_python~~pip~enkit_pip_deps_312_jinja2/site-packages/jinja2/sandbox.py
_main/../rules_python~~pip~enkit_pip_deps_312_jinja2/site-packages/jinja2/tests.py
_main/../rules_python~~pip~enkit_pip_deps_312_jinja2/site-packages/jinja2/utils.py
_main/../rules_python~~pip~enkit_pip_deps_312_jinja2/site-packages/jinja2/visitor.py
_main/../rules_python~~pip~enkit_pip_deps_312_jinja2_strcase/site-packages/__init__.py
_main/../rules_python~~pip~enkit_pip_deps_312_jinja2_strcase/site-packages/jinja2_strcase/__init__.py
_main/../rules_python~~pip~enkit_pip_deps_312_jinja2_strcase/site-packages/jinja2_strcase/jinja2_strcase.py
_main/../rules_python~~pip~enkit_pip_deps_312_jsonschema/site-packages/__init__.py
_main/../rules_python~~pip~enkit_pip_deps_312_jsonschema/site-packages/jsonschema/__init__.py
_main/../rules_python~~pip~enkit_pip_deps_312_jsonschema/site-packages/jsonschema/__main__.py
_main/../rules_python~~pip~enkit_pip_deps_312_jsonschema/site-packages/jsonschema/_format.py
_main/../rules_python~~pip~enkit_pip_deps_312_jsonschema/site-packages/jsonschema/_keywords.py
_main/../rules_python~~pip~enkit_pip_deps_312_jsonschema/site-packages/jsonschema/_legacy_keywords.py
_main/../rules_python~~pip~enkit_pip_deps_312_jsonschema/site-packages/jsonschema/_types.py
_main/../rules_python~~pip~enkit_pip_deps_312_jsonschema/site-packages/jsonschema/_typing.py
_main/../rules_python~~pip~enkit_pip_deps_312_jsonschema/site-packages/jsonschema/_utils.py
_main/../rules_python~~pip~enkit_pip_deps_312_jsonschema/site-packages/jsonschema/benchmarks/__init__.py
_main/../rules_python~~pip~enkit_pip_deps_312_jsonschema/site-packages/jsonschema/benchmarks/const_vs_enum.py
_main/../rules_python~~pip~enkit_pip_deps_312_jsonschema/site-packages/jsonschema/benchmarks/contains.py
_main/../rules_python~~pip~enkit_pip_deps_312_jsonschema/site-packages/jsonschema/benchmarks/issue232.py
_main/../rules_python~~pip~enkit_pip_deps_312_jsonschema/site-packages/jsonschema/benchmarks/json_schema_test_suite.py
_main/../rules_python~~pip~enkit_pip_deps_312_jsonschema/site-packages/jsonschema/benchmarks/nested_schemas.py
_main/../rules_python~~pip~enkit_pip_deps_312_jsonschema/site-packages/jsonschema/benchmarks/subcomponents.py
_main/../rules_python~~pip~enkit_pip_deps_312_jsonschema/site-packages/jsonschema/benchmarks/unused_registry.py
_main/../rules_python~~pip~enkit_pip_deps_312_jsonschema/site-packages/jsonschema/benchmarks/useless_applicator_schemas.py
_main/../rules_python~~pip~enkit_pip_deps_312_jsonschema/site-packages/jsonschema/benchmarks/useless_keywords.py
_main/../rules_python~~pip~enkit_pip_deps_312_jsonschema/site-packages/jsonschema/benchmarks/validator_creation.py
_main/../rules_python~~pip~enkit_pip_deps_312_jsonschema/site-packages/jsonschema/cli.py
_main/../rules_python~~pip~enkit_pip_deps_312_jsonschema/site-packages/jsonschema/exceptions.py
_main/../rules_python~~pip~enkit_pip_deps_312_jsonschema/site-packages/jsonschema/protocols.py
_main/../rules_python~~pip~enkit_pip_deps_312_jsonschema/site-packages/jsonschema/tests/__init__.py
_main/../rules_python~~pip~enkit_pip_deps_312_jsonschema/site-packages/jsonschema/tests/_suite.py
_main/../rules_python~~pip~enkit_pip_deps_312_jsonschema/site-packages/jsonschema/tests/fuzz_validate.py
_main/../rules_python~~pip~enkit_pip_deps_312_jsonschema/site-packages/jsonschema/tests/test_cli.py
_main/../rules_python~~pip~enkit_pip_deps_312_jsonschema/site-packages/jsonschema/tests/test_deprecations.py
_main/../rules_python~~pip~enkit_pip_deps_312_jsonschema/site-packages/jsonschema/tests/test_exceptions.py
_main/../rules_python~~pip~enkit_pip_deps_312_jsonschema/site-packages/jsonschema/tests/test_format.py
_main/../rules_python~~pip~enkit_pip_deps_312_jsonschema/site-packages/jsonschema/tests/test_jsonschema_test_suite.py
_main/../rules_python~~pip~enkit_pip_deps_312_jsonschema/site-packages/jsonschema/tests/test_types.py
_main/../rules_python~~pip~enkit_pip_deps_312_jsonschema/site-packages/jsonschema/tests/test_utils.py
_main/../rules_python~~pip~enkit_pip_deps_312_jsonschema/site-packages/jsonschema/tests/test_validators.py
_main/../rules_python~~pip~enkit_pip_deps_312_jsonschema/site-packages/jsonschema/validators.py
_main/../rules_python~~pip~enkit_pip_deps_312_markupsafe/site-packages/__init__.py
_main/../rules_python~~pip~enkit_pip_deps_312_markupsafe/site-packages/markupsafe/__init__.py
_main/../rules_python~~pip~enkit_pip_deps_312_markupsafe/site-packages/markupsafe/_native.py
_main/../rules_python~~pip~enkit_pip_deps_312_pyyaml/site-packages/__init__.py
_main/../rules_python~~pip~enkit_pip_deps_312_pyyaml/site-packages/_yaml/__init__.py
_main/../rules_python~~pip~enkit_pip_deps_312_pyyaml/site-packages/yaml/__init__.py
_main/../rules_python~~pip~enkit_pip_deps_312_pyyaml/site-packages/yaml/composer.py
_main/../rules_python~~pip~enkit_pip_deps_312_pyyaml/site-packages/yaml/constructor.py
_main/../rules_python~~pip~enkit_pip_deps_312_pyyaml/site-packages/yaml/cyaml.py
_main/../rules_python~~pip~enkit_pip_deps_312_pyyaml/site-packages/yaml/dumper.py
_main/../rules_python~~pip~enkit_pip_deps_312_pyyaml/site-packages/yaml/emitter.py
_main/../rules_python~~pip~enkit_pip_deps_312_pyyaml/site-packages/yaml/error.py
_main/../rules_python~~pip~enkit_pip_deps_312_pyyaml/site-packages/yaml/events.py
_main/../rules_python~~pip~enkit_pip_deps_312_pyyaml/site-packages/yaml/loader.py
_main/../rules_python~~pip~enkit_pip_deps_312_pyyaml/site-packages/yaml/nodes.py
_main/../rules_python~~pip~enkit_pip_deps_312_pyyaml/site-packages/yaml/parser.py
_main/../rules_python~~pip~enkit_pip_deps_312_pyyaml/site-packages/yaml/reader.py
_main/../rules_python~~pip~enkit_pip_deps_312_pyyaml/site-packages/yaml/representer.py
_main/../rules_python~~pip~enkit_pip_deps_312_pyyaml/site-packages/yaml/resolver.py
_main/../rules_python~~pip~enkit_pip_deps_312_pyyaml/site-packages/yaml/scanner.py
_main/../rules_python~~pip~enkit_pip_deps_312_pyyaml/site-packages/yaml/serializer.py
_main/../rules_python~~pip~enkit_pip_deps_312_pyyaml/site-packages/yaml/tokens.py
_main/../rules_python~~pip~enkit_pip_deps_312_absl_py/site-packages/absl/app.pyi
_main/../rules_python~~pip~enkit_pip_deps_312_absl_py/site-packages/absl/logging/__init__.pyi
_main/../rules_python~~pip~enkit_pip_deps_312_absl_py/site-packages/absl_py-2.1.0.dist-info/AUTHORS
_main/../rules_python~~pip~enkit_pip_deps_312_absl_py/site-packages/absl_py-2.1.0.dist-info/INSTALLER
_main/../rules_python~~pip~enkit_pip_deps_312_absl_py/site-packages/absl_py-2.1.0.dist-info/LICENSE
_main/../rules_python~~pip~enkit_pip_deps_312_absl_py/site-packages/absl_py-2.1.0.dist-info/METADATA
_main/../rules_python~~pip~enkit_pip_deps_312_absl_py/site-packages/absl_py-2.1.0.dist-info/WHEEL
_main/../rules_python~~pip~enkit_pip_deps_312_absl_py/site-packages/absl_py-2.1.0.dist-info/top_level.txt
_main/../rules_python~~pip~enkit_pip_deps_312_pyyaml/site-packages/PyYAML-6.0.2.dist-info/INSTALLER
_main/../rules_python~~pip~enkit_pip_deps_312_pyyaml/site-packages/PyYAML-6.0.2.dist-info/LICENSE
_main/../rules_python~~pip~enkit_pip_deps_312_pyyaml/site-packages/PyYAML-6.0.2.dist-info/METADATA
_main/../rules_python~~pip~enkit_pip_deps_312_pyyaml/site-packages/PyYAML-6.0.2.dist-info/WHEEL
_main/../rules_python~~pip~enkit_pip_deps_312_pyyaml/site-packages/PyYAML-6.0.2.dist-info/top_level.txt
_main/../rules_python~~pip~enkit_pip_deps_312_pyyaml/site-packages/yaml/_yaml.cpython-312-x86_64-linux-gnu.so
_main/../rules_python~~pip~enkit_pip_deps_312_jsonschema/site-packages/jsonschema-4.23.0.dist-info/INSTALLER
_main/../rules_python~~pip~enkit_pip_deps_312_jsonschema/site-packages/jsonschema-4.23.0.dist-info/METADATA
_main/../rules_python~~pip~enkit_pip_deps_312_jsonschema/site-packages/jsonschema-4.23.0.dist-info/WHEEL
_main/../rules_python~~pip~enkit_pip_deps_312_jsonschema/site-packages/jsonschema-4.23.0.dist-info/entry_points.txt
_main/../rules_python~~pip~enkit_pip_deps_312_jsonschema/site-packages/jsonschema-4.23.0.dist-info/licenses/COPYING
_main/../rules_python~~pip~enkit_pip_deps_312_jsonschema/site-packages/jsonschema/benchmarks/issue232/issue.json
_main/../rules_python~~pip~enkit_pip_deps_312_attrs/site-packages/__init__.py
_main/../rules_python~~pip~enkit_pip_deps_312_attrs/site-packages/attr/__init__.py
_main/../rules_python~~pip~enkit_pip_deps_312_attrs/site-packages/attr/_cmp.py
_main/../rules_python~~pip~enkit_pip_deps_312_attrs/site-packages/attr/_compat.py
_main/../rules_python~~pip~enkit_pip_deps_312_attrs/site-packages/attr/_config.py
_main/../rules_python~~pip~enkit_pip_deps_312_attrs/site-packages/attr/_funcs.py
_main/../rules_python~~pip~enkit_pip_deps_312_attrs/site-packages/attr/_make.py
_main/../rules_python~~pip~enkit_pip_deps_312_attrs/site-packages/attr/_next_gen.py
_main/../rules_python~~pip~enkit_pip_deps_312_attrs/site-packages/attr/_version_info.py
_main/../rules_python~~pip~enkit_pip_deps_312_attrs/site-packages/attr/converters.py
_main/../rules_python~~pip~enkit_pip_deps_312_attrs/site-packages/attr/exceptions.py
_main/../rules_python~~pip~enkit_pip_deps_312_attrs/site-packages/attr/filters.py
_main/../rules_python~~pip~enkit_pip_deps_312_attrs/site-packages/attr/setters.py
_main/../rules_python~~pip~enkit_pip_deps_312_attrs/site-packages/attr/validators.py
_main/../rules_python~~pip~enkit_pip_deps_312_attrs/site-packages/attrs/__init__.py
_main/../rules_python~~pip~enkit_pip_deps_312_attrs/site-packages/attrs/converters.py
_main/../rules_python~~pip~enkit_pip_deps_312_attrs/site-packages/attrs/exceptions.py
_main/../rules_python~~pip~enkit_pip_deps_312_attrs/site-packages/attrs/filters.py
_main/../rules_python~~pip~enkit_pip_deps_312_attrs/site-packages/attrs/setters.py
_main/../rules_python~~pip~enkit_pip_deps_312_attrs/site-packages/attrs/validators.py
_main/../rules_python~~pip~enkit_pip_deps_312_jsonschema_specifications/site-packages/__init__.py
_main/../rules_python~~pip~enkit_pip_deps_312_jsonschema_specifications/site-packages/jsonschema_specifications/__init__.py
_main/../rules_python~~pip~enkit_pip_deps_312_jsonschema_specifications/site-packages/jsonschema_specifications/_core.py
_main/../rules_python~~pip~enkit_pip_deps_312_jsonschema_specifications/site-packages/jsonschema_specifications/tests/__init__.py
_main/../rules_python~~pip~enkit_pip_deps_312_jsonschema_specifications/site-packages/jsonschema_specifications/tests/test_jsonschema_specifications.py
_main/../rules_python~~pip~enkit_pip_deps_312_referencing/site-packages/__init__.py
_main/../rules_python~~pip~enkit_pip_deps_312_referencing/site-packages/referencing/__init__.py
_main/../rules_python~~pip~enkit_pip_deps_312_referencing/site-packages/referencing/_attrs.py
_main/../rules_python~~pip~enkit_pip_deps_312_referencing/site-packages/referencing/_core.py
_main/../rules_python~~pip~enkit_pip_deps_312_referencing/site-packages/referencing/exceptions.py
_main/../rules_python~~pip~enkit_pip_deps_312_referencing/site-packages/referencing/jsonschema.py
_main/../rules_python~~pip~enkit_pip_deps_312_referencing/site-packages/referencing/retrieval.py
_main/../rules_python~~pip~enkit_pip_deps_312_referencing/site-packages/referencing/tests/__init__.py
_main/../rules_python~~pip~enkit_pip_deps_312_referencing/site-packages/referencing/tests/test_core.py
_main/../rules_python~~pip~enkit_pip_deps_312_referencing/site-packages/referencing/tests/test_exceptions.py
_main/../rules_python~~pip~enkit_pip_deps_312_referencing/site-packages/referencing/tests/test_jsonschema.py
_main/../rules_python~~pip~enkit_pip_deps_312_referencing/site-packages/referencing/tests/test_referencing_suite.py
_main/../rules_python~~pip~enkit_pip_deps_312_referencing/site-packages/referencing/tests/test_retrieval.py
_main/../rules_python~~pip~enkit_pip_deps_312_referencing/site-packages/referencing/typing.py
_main/../rules_python~~pip~enkit_pip_deps_312_rpds_py/site-packages/__init__.py
_main/../rules_python~~pip~enkit_pip_deps_312_rpds_py/site-packages/rpds/__init__.py
_main/../rules_python~~pip~enkit_pip_deps_312_attrs/site-packages/attr/__init__.pyi
_main/../rules_python~~pip~enkit_pip_deps_312_attrs/site-packages/attr/_cmp.pyi
_main/../rules_python~~pip~enkit_pip_deps_312_attrs/site-packages/attr/_typing_compat.pyi
_main/../rules_python~~pip~enkit_pip_deps_312_attrs/site-packages/attr/_version_info.pyi
_main/../rules_python~~pip~enkit_pip_deps_312_attrs/site-packages/attr/converters.pyi
_main/../rules_python~~pip~enkit_pip_deps_312_attrs/site-packages/attr/exceptions.pyi
_main/../rules_python~~pip~enkit_pip_deps_312_attrs/site-packages/attr/filters.pyi
_main/../rules_python~~pip~enkit_pip_deps_312_attrs/site-packages/attr/py.typed
_main/../rules_python~~pip~enkit_pip_deps_312_attrs/site-packages/attr/setters.pyi
_main/../rules_python~~pip~enkit_pip_deps_312_attrs/site-packages/attr/validators.pyi
_main/../rules_python~~pip~enkit_pip_deps_312_attrs/site-packages/attrs-25.1.0.dist-info/INSTALLER
_main/../rules_python~~pip~enkit_pip_deps_312_attrs/site-packages/attrs-25.1.0.dist-info/METADATA
_main/../rules_python~~pip~enkit_pip_deps_312_attrs/site-packages/attrs-25.1.0.dist-info/WHEEL
_main/../rules_python~~pip~enkit_pip_deps_312_attrs/site-packages/attrs-25.1.0.dist-info/licenses/LICENSE
_main/../rules_python~~pip~enkit_pip_deps_312_attrs/site-packages/attrs/__init__.pyi
_main/../rules_python~~pip~enkit_pip_deps_312_attrs/site-packages/attrs/py.typed
_main/../rules_python~~pip~enkit_pip_deps_312_jsonschema_specifications/site-packages/jsonschema_specifications-2024.10.1.dist-info/INSTALLER
_main/../rules_python~~pip~enkit_pip_deps_312_jsonschema_specifications/site-packages/jsonschema_specifications-2024.10.1.dist-info/METADATA
_main/../rules_python~~pip~enkit_pip_deps_312_jsonschema_specifications/site-packages/jsonschema_specifications-2024.10.1.dist-info/WHEEL
_main/../rules_python~~pip~enkit_pip_deps_312_jsonschema_specifications/site-packages/jsonschema_specifications-2024.10.1.dist-info/licenses/COPYING
_main/../rules_python~~pip~enkit_pip_deps_312_jsonschema_specifications/site-packages/jsonschema_specifications/schemas/draft201909/metaschema.json
_main/../rules_python~~pip~enkit_pip_deps_312_jsonschema_specifications/site-packages/jsonschema_specifications/schemas/draft201909/vocabularies/applicator
_main/../rules_python~~pip~enkit_pip_deps_312_jsonschema_specifications/site-packages/jsonschema_specifications/schemas/draft201909/vocabularies/content
_main/../rules_python~~pip~enkit_pip_deps_312_jsonschema_specifications/site-packages/jsonschema_specifications/schemas/draft201909/vocabularies/core
_main/../rules_python~~pip~enkit_pip_deps_312_jsonschema_specifications/site-packages/jsonschema_specifications/schemas/draft201909/vocabularies/meta-data
_main/../rules_python~~pip~enkit_pip_deps_312_jsonschema_specifications/site-packages/jsonschema_specifications/schemas/draft201909/vocabularies/validation
_main/../rules_python~~pip~enkit_pip_deps_312_jsonschema_specifications/site-packages/jsonschema_specifications/schemas/draft202012/metaschema.json
_main/../rules_python~~pip~enkit_pip_deps_312_jsonschema_specifications/site-packages/jsonschema_specifications/schemas/draft202012/vocabularies/applicator
_main/../rules_python~~pip~enkit_pip_deps_312_jsonschema_specifications/site-packages/jsonschema_specifications/schemas/draft202012/vocabularies/content
_main/../rules_python~~pip~enkit_pip_deps_312_jsonschema_specifications/site-packages/jsonschema_specifications/schemas/draft202012/vocabularies/core
_main/../rules_python~~pip~enkit_pip_deps_312_jsonschema_specifications/site-packages/jsonschema_specifications/schemas/draft202012/vocabularies/format
_main/../rules_python~~pip~enkit_pip_deps_312_jsonschema_specifications/site-packages/jsonschema_specifications/schemas/draft202012/vocabularies/format-annotation
_main/../rules_python~~pip~enkit_pip_deps_312_jsonschema_specifications/site-packages/jsonschema_specifications/schemas/draft202012/vocabularies/format-assertion
_main/../rules_python~~pip~enkit_pip_deps_312_jsonschema_specifications/site-packages/jsonschema_specifications/schemas/draft202012/vocabularies/meta-data
_main/../rules_python~~pip~enkit_pip_deps_312_jsonschema_specifications/site-packages/jsonschema_specifications/schemas/draft202012/vocabularies/unevaluated
_main/../rules_python~~pip~enkit_pip_deps_312_jsonschema_specifications/site-packages/jsonschema_specifications/schemas/draft202012/vocabularies/validation
_main/../rules_python~~pip~enkit_pip_deps_312_jsonschema_specifications/site-packages/jsonschema_specifications/schemas/draft3/metaschema.json
_main/../rules_python~~pip~enkit_pip_deps_312_jsonschema_specifications/site-packages/jsonschema_specifications/schemas/draft4/metaschema.json
_main/../rules_python~~pip~enkit_pip_deps_312_jsonschema_specifications/site-packages/jsonschema_specifications/schemas/draft6/metaschema.json
_main/../rules_python~~pip~enkit_pip_deps_312_jsonschema_specifications/site-packages/jsonschema_specifications/schemas/draft7/metaschema.json
_main/../rules_python~~pip~enkit_pip_deps_312_referencing/site-packages/referencing-0.36.2.dist-info/INSTALLER
_main/../rules_python~~pip~enkit_pip_deps_312_referencing/site-packages/referencing-0.36.2.dist-info/METADATA
_main/../rules_python~~pip~enkit_pip_deps_312_referencing/site-packages/referencing-0.36.2.dist-info/WHEEL
_main/../rules_python~~pip~enkit_pip_deps_312_referencing/site-packages/referencing-0.36.2.dist-info/licenses/COPYING
_main/../rules_python~~pip~enkit_pip_deps_312_referencing/site-packages/referencing/_attrs.pyi
_main/../rules_python~~pip~enkit_pip_deps_312_referencing/site-packages/referencing/py.typed
_main/../rules_python~~pip~enkit_pip_deps_312_typing_extensions/site-packages/__init__.py
_main/../rules_python~~pip~enkit_pip_deps_312_typing_extensions/site-packages/typing_extensions.py
_main/../rules_python~~pip~enkit_pip_deps_312_rpds_py/site-packages/rpds/__init__.pyi
_main/../rules_python~~pip~enkit_pip_deps_312_rpds_py/site-packages/rpds/py.typed
_main/../rules_python~~pip~enkit_pip_deps_312_rpds_py/site-packages/rpds/rpds.cpython-312-x86_64-linux-gnu.so
_main/../rules_python~~pip~enkit_pip_deps_312_rpds_py/site-packages/rpds_py-0.23.1.dist-info/INSTALLER
_main/../rules_python~~pip~enkit_pip_deps_312_rpds_py/site-packages/rpds_py-0.23.1.dist-info/METADATA
_main/../rules_python~~pip~enkit_pip_deps_312_rpds_py/site-packages/rpds_py-0.23.1.dist-info/WHEEL
_main/../rules_python~~pip~enkit_pip_deps_312_rpds_py/site-packages/rpds_py-0.23.1.dist-info/licenses/LICENSE
_main/../rules_python~~pip~enkit_pip_deps_312_typing_extensions/site-packages/typing_extensions-4.12.2.dist-info/INSTALLER
_main/../rules_python~~pip~enkit_pip_deps_312_typing_extensions/site-packages/typing_extensions-4.12.2.dist-info/LICENSE
_main/../rules_python~~pip~enkit_pip_deps_312_typing_extensions/site-packages/typing_extensions-4.12.2.dist-info/METADATA
_main/../rules_python~~pip~enkit_pip_deps_312_typing_extensions/site-packages/typing_extensions-4.12.2.dist-info/WHEEL
_main/../rules_python~~pip~enkit_pip_deps_312_jinja2/site-packages/jinja2-3.1.5.dist-info/INSTALLER
_main/../rules_python~~pip~enkit_pip_deps_312_jinja2/site-packages/jinja2-3.1.5.dist-info/LICENSE.txt
_main/../rules_python~~pip~enkit_pip_deps_312_jinja2/site-packages/jinja2-3.1.5.dist-info/METADATA
_main/../rules_python~~pip~enkit_pip_deps_312_jinja2/site-packages/jinja2-3.1.5.dist-info/WHEEL
_main/../rules_python~~pip~enkit_pip_deps_312_jinja2/site-packages/jinja2-3.1.5.dist-info/entry_points.txt
_main/../rules_python~~pip~enkit_pip_deps_312_jinja2/site-packages/jinja2/py.typed
_main/../rules_python~~pip~enkit_pip_deps_312_markupsafe/site-packages/MarkupSafe-3.0.2.dist-info/INSTALLER
_main/../rules_python~~pip~enkit_pip_deps_312_markupsafe/site-packages/MarkupSafe-3.0.2.dist-info/LICENSE.txt
_main/../rules_python~~pip~enkit_pip_deps_312_markupsafe/site-packages/MarkupSafe-3.0.2.dist-info/METADATA
_main/../rules_python~~pip~enkit_pip_deps_312_markupsafe/site-packages/MarkupSafe-3.0.2.dist-info/WHEEL
_main/../rules_python~~pip~enkit_pip_deps_312_markupsafe/site-packages/MarkupSafe-3.0.2.dist-info/top_level.txt
_main/../rules_python~~pip~enkit_pip_deps_312_markupsafe/site-packages/markupsafe/_speedups.c
_main/../rules_python~~pip~enkit_pip_deps_312_markupsafe/site-packages/markupsafe/_speedups.cpython-312-x86_64-linux-gnu.so
_main/../rules_python~~pip~enkit_pip_deps_312_markupsafe/site-packages/markupsafe/_speedups.pyi
_main/../rules_python~~pip~enkit_pip_deps_312_markupsafe/site-packages/markupsafe/py.typed
_main/../rules_python~~pip~enkit_pip_deps_312_jinja2_strcase/site-packages/jinja2_strcase-0.0.2.dist-info/INSTALLER
_main/../rules_python~~pip~enkit_pip_deps_312_jinja2_strcase/site-packages/jinja2_strcase-0.0.2.dist-info/LICENSE
_main/../rules_python~~pip~enkit_pip_deps_312_jinja2_strcase/site-packages/jinja2_strcase-0.0.2.dist-info/METADATA
_main/../rules_python~~pip~enkit_pip_deps_312_jinja2_strcase/site-packages/jinja2_strcase-0.0.2.dist-info/WHEEL
_main/../rules_python~~pip~enkit_pip_deps_312_jinja2_strcase/site-packages/jinja2_strcase-0.0.2.dist-info/top_level.txt
_main/tools/codegen/tests/data.yaml
_main/tools/codegen/tests/test.template
_main/../googletest~/googlemock/include/gmock/gmock-actions.h
_main/../googletest~/googlemock/include/gmock/gmock-cardinalities.h
_main/../googletest~/googlemock/include/gmock/gmock-function-mocker.h
_main/../googletest~/googlemock/include/gmock/gmock-matchers.h
_main/../googletest~/googlemock/include/gmock/gmock-more-actions.h
_main/../googletest~/googlemock/include/gmock/gmock-more-matchers.h
_main/../googletest~/googlemock/include/gmock/gmock-nice-strict.h
_main/../googletest~/googlemock/include/gmock/gmock-spec-builders.h
_main/../googletest~/googlemock/include/gmock/gmock.h
_main/../googletest~/googletest/include/gtest/gtest-assertion-result.h
_main/../googletest~/googletest/include/gtest/gtest-death-test.h
_main/../googletest~/googletest/include/gtest/gtest-matchers.h
_main/../googletest~/googletest/include/gtest/gtest-message.h
_main/../googletest~/googletest/include/gtest/gtest-param-test.h
_main/../googletest~/googletest/include/gtest/gtest-printers.h
_main/../googletest~/googletest/include/gtest/gtest-spi.h
_main/../googletest~/googletest/include/gtest/gtest-test-part.h
_main/../googletest~/googletest/include/gtest/gtest-typed-test.h
_main/../googletest~/googletest/include/gtest/gtest.h
_main/../googletest~/googletest/include/gtest/gtest_pred_impl.h
_main/../googletest~/googletest/include/gtest/gtest_prod.h
_main/../googletest~/googlemock/include/gmock/internal/custom/gmock-generated-actions.h
_main/../googletest~/googlemock/include/gmock/internal/custom/gmock-matchers.h
_main/../googletest~/googlemock/include/gmock/internal/custom/gmock-port.h
_main/../googletest~/googlemock/include/gmock/internal/gmock-internal-utils.h
_main/../googletest~/googlemock/include/gmock/internal/gmock-port.h
_main/../googletest~/googlemock/include/gmock/internal/gmock-pp.h
_main/../googletest~/googlemock/src/gmock-cardinalities.cc
_main/../googletest~/googlemock/src/gmock-internal-utils.cc
_main/../googletest~/googlemock/src/gmock-matchers.cc
_main/../googletest~/googlemock/src/gmock-spec-builders.cc
_main/../googletest~/googlemock/src/gmock.cc
_main/../googletest~/googletest/include/gtest/internal/custom/gtest-port.h
_main/../googletest~/googletest/include/gtest/internal/custom/gtest-printers.h
_main/../googletest~/googletest/include/gtest/internal/custom/gtest.h
_main/../googletest~/googletest/include/gtest/internal/gtest-death-test-internal.h
_main/../googletest~/googletest/include/gtest/internal/gtest-filepath.h
_main/../googletest~/googletest/include/gtest/internal/gtest-internal.h
_main/../googletest~/googletest/include/gtest/internal/gtest-param-util.h
_main/../googletest~/googletest/include/gtest/internal/gtest-port-arch.h
_main/../googletest~/googletest/include/gtest/internal/gtest-port.h
_main/../googletest~/googletest/include/gtest/internal/gtest-string.h
_main/../googletest~/googletest/include/gtest/internal/gtest-type-util.h
_main/../googletest~/googletest/src/gtest-assertion-result.cc
_main/../googletest~/googletest/src/gtest-death-test.cc
_main/../googletest~/googletest/src/gtest-filepath.cc
_main/../googletest~/googletest/src/gtest-internal-inl.h
_main/../googletest~/googletest/src/gtest-matchers.cc
_main/../googletest~/googletest/src/gtest-port.cc
_main/../googletest~/googletest/src/gtest-printers.cc
_main/../googletest~/googletest/src/gtest-test-part.cc
_main/../googletest~/googletest/src/gtest-typed-test.cc
_main/../googletest~/googletest/src/gtest.cc
_main/bazel/utils/testdata/remote/hello-world.cc